// Jest Snapshot v1, https://goo.gl/fbAQLP

exports[`staggerPack gives nothing for nothingg 1`] = `Array []`;

exports[`staggerPack works 1`] = `
Array [
  Object {
    "cssText": "
        position: absolute;
        top: 0;
        left: 0;
        transform-origin: 0 0;
        width: 108.21062413075855%;
        height: 45.964057925554165%;
        z-index: 401;
        transform: translateX(50%) translateY(0%) rotate(0deg)
      ",
    "matrix": "{
      \\"a\\":1.0074314065874885,
      \\"b\\":0,
      \\"c\\":0,
      \\"d\\":1.0074314065874885,
      \\"e\\":401.4614155251142,
      \\"f\\":0
    }",
    "points": Array [
      Object {
        "x": 402.4688469317017,
        "y": 1.0074314065874885,
      },
      Object {
        "x": 402.4688469317017,
        "y": 368.7198948110208,
      },
      Object {
        "x": 1205.3916779819301,
        "y": 368.7198948110208,
      },
      Object {
        "x": 1205.3916779819301,
        "y": 1.0074314065874885,
      },
    ],
    "rotate": -0,
    "scale": 1.0074314065874885,
    "svgTransform": "matrix(1.0074314065874885,0,0,1.0074314065874885,401.4614155251142,0)",
    "translateX": 401.4614155251142,
    "translateY": 0,
    "zIndex": 401,
  },
  Object {
    "cssText": "
        position: absolute;
        top: 0;
        left: 0;
        transform-origin: 0 0;
        width: 107.02199017575236%;
        height: 48.448264115979946%;
        z-index: 1141;
        transform: translateX(51.110644600286534%) translateY(94.87245573034598%) rotate(0deg)
      ",
    "matrix": "{
      \\"a\\":0.9963653288633407,
      \\"b\\":0,
      \\"c\\":0,
      \\"d\\":0.9963653288633407,
      \\"e\\":405.87124749818713,
      \\"f\\":367.7124634044333
    }",
    "points": Array [
      Object {
        "x": 406.8676128270505,
        "y": 368.7088287332967,
      },
      Object {
        "x": 446.7222259815841,
        "y": 756.2949416611361,
      },
      Object {
        "x": 1176.0616467095497,
        "y": 756.2949416611361,
      },
      Object {
        "x": 1200.9707799311332,
        "y": 368.7088287332967,
      },
    ],
    "rotate": -0,
    "scale": 0.9963653288633407,
    "svgTransform": "matrix(0.9963653288633407,0,0,0.9963653288633407,405.87124749818713,367.7124634044333)",
    "translateX": 405.87124749818713,
    "translateY": 367.7124634044333,
    "zIndex": 1141,
  },
  Object {
    "cssText": "
        position: absolute;
        top: 0;
        left: 0;
        transform-origin: 0 0;
        width: 107.02199017575236%;
        height: 48.448264115979946%;
        z-index: 1916;
        transform: translateX(51.110644600286534%) translateY(194.87245573034596%) rotate(0deg)
      ",
    "matrix": "{
      \\"a\\":0.9963653288633407,
      \\"b\\":0,
      \\"c\\":0,
      \\"d\\":0.9963653288633407,
      \\"e\\":405.87124749818713,
      \\"f\\":755.2985763322729
    }",
    "points": Array [
      Object {
        "x": 406.8676128270505,
        "y": 756.2949416611362,
      },
      Object {
        "x": 446.7222259815841,
        "y": 1143.8810545889758,
      },
      Object {
        "x": 1176.0616467095497,
        "y": 1143.8810545889758,
      },
      Object {
        "x": 1200.9707799311332,
        "y": 756.2949416611362,
      },
    ],
    "rotate": -0,
    "scale": 0.9963653288633407,
    "svgTransform": "matrix(0.9963653288633407,0,0,0.9963653288633407,405.87124749818713,755.2985763322729)",
    "translateX": 405.87124749818713,
    "translateY": 755.2985763322729,
    "zIndex": 1916,
  },
]
`;
