// Jest Snapshot v1, https://goo.gl/fbAQLP

exports[`geometry: packUtilization calculates area utilization of polygons in rectangle 1`] = `0.5027201624831534`;
